---
source: app/src/parser/transactions/pvm/banff/add_permissionless_delegator.rs
expression: reduced
---
[
    "AddPermlessDelega": "Transaction",
    "Validator": "NodeID-2ZbTY9GatRTrfinAoYiYLcf6CvrPAUYgo",
    "SubnetID": "Primary Subnet",
    "Start time": "1970-01-01 03:25:45 UTC",
    "End time": "1970-07-20 03:25:45 UTC",
    "Total stake(LUX)": "2000",
    "Stake": "2000 LUX to ",
    "Address": "lux1g32kvaugnx4tk3z4vemc3xd2hdz92enh972wxr",
    "Rewards to": "lux1g32kvaugnx4tk3z4vemc3xd2hdz92enh972wxr",
    "Fee(LUX)": "0",
]
