---
source: app/src/parser/coreth/native.rs
expression: reduced
input_file: app/src/parser/coreth/eth_testvectors/legacy_simple_transfer.json
---
[
    "Transfer": "LUX 14.12582170622427136",
    "To": "0xcccccccccccccccccccccccccccccccccccccccc",
    "Fee(GWEI)": "100000000",
]
