---
source: app/src/parser/coreth/native.rs
expression: reduced
input_file: app/src/parser/coreth/eth_testvectors/legacy_contract_call.json
---
[
    "Contract": "Call",
    "Transfer": "LUX 14.12582170622427136",
    "To": "0xcccccccccccccccccccccccccccccccccccccccc",
    "Contract Data: ": "0x7f7465737432000000000000000000000000000000000000000000000000...",
    "Maximun Fee(GWEI)": "100000000",
]
