---
source: app/src/parser/coreth/native.rs
expression: reduced
input_file: app/src/parser/coreth/eth_testvectors/eip1559_simple_transfer.json
---
[
    "Transfer": "LUX 0.000000004886718345",
    "To": "0x0102030400000000000000000000000000000002",
    "Fee(GWEI)": "0.08",
]
