---
source: app/src/parser/transactions.rs
expression: reduced
input_file: app/src/parser/testvectors/p_import_from_x2.json
---
[
    "ImportTx": "Sending",
    "Amount": "0.000012345 LUX to ",
    "Address": "fuji1cv6yz28qvqfgah34yw3y53su39p6kzzehw5pj3",
    "From ": "P Chain",
    "Fee(LUX)": "0.246901233",
]
